2026-08-25 16:59:13.673: [INFO] CurrentProfilePath: C:\Users\Akhilesh\Documents\SOA\.metadata\.plugins\org.eclipse.swt\EBWebView\Default
2026-08-25 16:59:13.673: [INFO] Profiles total count: 1
2026-08-25 16:59:13.673: [INFO] Profile: name=Profile 1 path=C:\Users\Akhilesh\Documents\SOA\.metadata\.plugins\org.eclipse.swt\EBWebView\Default lastActive=null
2026-08-25 16:59:13.673: [INFO] LastUsedProfileDir: C:\Users\Akhilesh\Documents\SOA\.metadata\.plugins\org.eclipse.swt\EBWebView\Default
2026-08-25 16:59:13.673: [INFO] OnDoneLoading sync enabled: 0
2026-08-25 16:59:13.673: [INFO] BookmarkModelLoaded, ids_reassigned: 0
2026-08-25 16:59:13.673: [INFO] BookmarksLoadDropped droppedNodes=0
2026-08-25 16:59:13.673: [INFO] BookmarksSnapshot Startup total=0 bar=0 other=0 mobile=0 showBar=0 showBarNTP=1
2026-08-25 18:37:45.553: [INFO] BookmarksSnapshot Shutdown total=0 bar=0 other=0 mobile=0 showBar=0 showBarNTP=1
2026-08-26 08:02:56.326: [INFO] CurrentProfilePath: C:\Users\Akhilesh\Documents\SOA\.metadata\.plugins\org.eclipse.swt\EBWebView\Default
2026-08-26 08:02:56.326: [INFO] Profiles total count: 1
2026-08-26 08:02:56.326: [INFO] Profile: name=Profile 1 path=C:\Users\Akhilesh\Documents\SOA\.metadata\.plugins\org.eclipse.swt\EBWebView\Default lastActive=null
2026-08-26 08:02:56.326: [INFO] LastUsedProfileDir: C:\Users\Akhilesh\Documents\SOA\.metadata\.plugins\org.eclipse.swt\EBWebView\Default
2026-08-26 08:02:56.326: [INFO] OnDoneLoading sync enabled: 0
2026-08-26 08:02:56.326: [INFO] BookmarkModelLoaded, ids_reassigned: 0
2026-08-26 08:02:56.326: [INFO] BookmarksLoadDropped droppedNodes=0
2026-08-26 08:02:56.326: [INFO] BookmarksSnapshot Startup total=0 bar=0 other=0 mobile=0 showBar=0 showBarNTP=1
2026-08-26 10:21:11.441: [INFO] BookmarksSnapshot Shutdown total=0 bar=0 other=0 mobile=0 showBar=0 showBarNTP=1
2026-08-26 11:09:32.288: [INFO] CurrentProfilePath: C:\Users\Akhilesh\Documents\SOA\.metadata\.plugins\org.eclipse.swt\EBWebView\Default
2026-08-26 11:09:32.288: [INFO] Profiles total count: 1
2026-08-26 11:09:32.288: [INFO] Profile: name=Profile 1 path=C:\Users\Akhilesh\Documents\SOA\.metadata\.plugins\org.eclipse.swt\EBWebView\Default lastActive=null
2026-08-26 11:09:32.288: [INFO] LastUsedProfileDir: C:\Users\Akhilesh\Documents\SOA\.metadata\.plugins\org.eclipse.swt\EBWebView\Default
2026-08-26 11:09:32.288: [INFO] OnDoneLoading sync enabled: 0
2026-08-26 11:09:32.288: [INFO] BookmarkModelLoaded, ids_reassigned: 0
2026-08-26 11:09:32.288: [INFO] BookmarksLoadDropped droppedNodes=0
2026-08-26 11:09:32.288: [INFO] BookmarksSnapshot Startup total=0 bar=0 other=0 mobile=0 showBar=0 showBarNTP=1
2026-08-26 11:17:26.028: [INFO] BookmarksSnapshot Shutdown total=0 bar=0 other=0 mobile=0 showBar=0 showBarNTP=1
2026-08-26 11:52:58.042: [INFO] CurrentProfilePath: C:\Users\Akhilesh\Documents\SOA\.metadata\.plugins\org.eclipse.swt\EBWebView\Default
2026-08-26 11:52:58.042: [INFO] Profiles total count: 1
2026-08-26 11:52:58.042: [INFO] Profile: name=Profile 1 path=C:\Users\Akhilesh\Documents\SOA\.metadata\.plugins\org.eclipse.swt\EBWebView\Default lastActive=null
2026-08-26 11:52:58.042: [INFO] LastUsedProfileDir: C:\Users\Akhilesh\Documents\SOA\.metadata\.plugins\org.eclipse.swt\EBWebView\Default
2026-08-26 11:52:58.042: [INFO] OnDoneLoading sync enabled: 0
2026-08-26 11:52:58.042: [INFO] BookmarkModelLoaded, ids_reassigned: 0
2026-08-26 11:52:58.042: [INFO] BookmarksLoadDropped droppedNodes=0
2026-08-26 11:52:58.042: [INFO] BookmarksSnapshot Startup total=0 bar=0 other=0 mobile=0 showBar=0 showBarNTP=1
2026-08-26 18:40:12.375: [INFO] BookmarksSnapshot Shutdown total=0 bar=0 other=0 mobile=0 showBar=0 showBarNTP=1
2026-08-27 07:38:12.551: [INFO] CurrentProfilePath: C:\Users\Akhilesh\Documents\SOA\.metadata\.plugins\org.eclipse.swt\EBWebView\Default
2026-08-27 07:38:12.551: [INFO] Profiles total count: 1
2026-08-27 07:38:12.551: [INFO] Profile: name=Profile 1 path=C:\Users\Akhilesh\Documents\SOA\.metadata\.plugins\org.eclipse.swt\EBWebView\Default lastActive=null
2026-08-27 07:38:12.551: [INFO] LastUsedProfileDir: C:\Users\Akhilesh\Documents\SOA\.metadata\.plugins\org.eclipse.swt\EBWebView\Default
2026-08-27 07:38:12.551: [INFO] OnDoneLoading sync enabled: 0
2026-08-27 07:38:12.551: [INFO] BookmarkModelLoaded, ids_reassigned: 0
2026-08-27 07:38:12.551: [INFO] BookmarksLoadDropped droppedNodes=0
2026-08-27 07:38:12.551: [INFO] BookmarksSnapshot Startup total=0 bar=0 other=0 mobile=0 showBar=0 showBarNTP=1
2026-08-27 07:38:12.699: [INFO] BookmarksSnapshot Shutdown total=0 bar=0 other=0 mobile=0 showBar=0 showBarNTP=1
2026-08-27 07:41:46.536: [INFO] CurrentProfilePath: C:\Users\Akhilesh\Documents\SOA\.metadata\.plugins\org.eclipse.swt\EBWebView\Default
2026-08-27 07:41:46.536: [INFO] Profiles total count: 1
2026-08-27 07:41:46.536: [INFO] Profile: name=Profile 1 path=C:\Users\Akhilesh\Documents\SOA\.metadata\.plugins\org.eclipse.swt\EBWebView\Default lastActive=null
2026-08-27 07:41:46.536: [INFO] LastUsedProfileDir: C:\Users\Akhilesh\Documents\SOA\.metadata\.plugins\org.eclipse.swt\EBWebView\Default
2026-08-27 07:41:46.536: [INFO] OnDoneLoading sync enabled: 0
2026-08-27 07:41:46.536: [INFO] BookmarkModelLoaded, ids_reassigned: 0
2026-08-27 07:41:46.536: [INFO] BookmarksLoadDropped droppedNodes=0
2026-08-27 07:41:46.536: [INFO] BookmarksSnapshot Startup total=0 bar=0 other=0 mobile=0 showBar=0 showBarNTP=1
2026-08-27 07:41:46.665: [INFO] BookmarksSnapshot Shutdown total=0 bar=0 other=0 mobile=0 showBar=0 showBarNTP=1
2026-08-27 08:37:43.428: [INFO] CurrentProfilePath: C:\Users\Akhilesh\Documents\SOA\.metadata\.plugins\org.eclipse.swt\EBWebView\Default
2026-08-27 08:37:43.428: [INFO] Profiles total count: 1
2026-08-27 08:37:43.428: [INFO] Profile: name=Profile 1 path=C:\Users\Akhilesh\Documents\SOA\.metadata\.plugins\org.eclipse.swt\EBWebView\Default lastActive=null
2026-08-27 08:37:43.428: [INFO] LastUsedProfileDir: C:\Users\Akhilesh\Documents\SOA\.metadata\.plugins\org.eclipse.swt\EBWebView\Default
2026-08-27 08:37:43.428: [INFO] OnDoneLoading sync enabled: 0
2026-08-27 08:37:43.428: [INFO] BookmarkModelLoaded, ids_reassigned: 0
2026-08-27 08:37:43.428: [INFO] BookmarksLoadDropped droppedNodes=0
2026-08-27 08:37:43.428: [INFO] BookmarksSnapshot Startup total=0 bar=0 other=0 mobile=0 showBar=0 showBarNTP=1
2026-08-27 09:28:53.976: [INFO] BookmarksSnapshot Shutdown total=0 bar=0 other=0 mobile=0 showBar=0 showBarNTP=1
2026-08-27 10:44:19.394: [INFO] CurrentProfilePath: C:\Users\Akhilesh\Documents\SOA\.metadata\.plugins\org.eclipse.swt\EBWebView\Default
2026-08-27 10:44:19.394: [INFO] Profiles total count: 1
2026-08-27 10:44:19.394: [INFO] Profile: name=Profile 1 path=C:\Users\Akhilesh\Documents\SOA\.metadata\.plugins\org.eclipse.swt\EBWebView\Default lastActive=null
2026-08-27 10:44:19.394: [INFO] LastUsedProfileDir: C:\Users\Akhilesh\Documents\SOA\.metadata\.plugins\org.eclipse.swt\EBWebView\Default
2026-08-27 10:44:19.394: [INFO] OnDoneLoading sync enabled: 0
2026-08-27 10:44:19.394: [INFO] BookmarkModelLoaded, ids_reassigned: 0
2026-08-27 10:44:19.394: [INFO] BookmarksLoadDropped droppedNodes=0
2026-08-27 10:44:19.394: [INFO] BookmarksSnapshot Startup total=0 bar=0 other=0 mobile=0 showBar=0 showBarNTP=1
2026-08-27 14:58:12.693: [INFO] BookmarksSnapshot Shutdown total=0 bar=0 other=0 mobile=0 showBar=0 showBarNTP=1
2026-08-28 03:00:48.566: [INFO] CurrentProfilePath: C:\Users\Akhilesh\Documents\SOA\.metadata\.plugins\org.eclipse.swt\EBWebView\Default
2026-08-28 03:00:48.566: [INFO] Profiles total count: 1
2026-08-28 03:00:48.566: [INFO] Profile: name=Profile 1 path=C:\Users\Akhilesh\Documents\SOA\.metadata\.plugins\org.eclipse.swt\EBWebView\Default lastActive=null
2026-08-28 03:00:48.566: [INFO] LastUsedProfileDir: C:\Users\Akhilesh\Documents\SOA\.metadata\.plugins\org.eclipse.swt\EBWebView\Default
2026-08-28 03:00:48.566: [INFO] OnDoneLoading sync enabled: 0
2026-08-28 03:00:48.566: [INFO] BookmarkModelLoaded, ids_reassigned: 0
2026-08-28 03:00:48.566: [INFO] BookmarksLoadDropped droppedNodes=0
2026-08-28 03:00:48.566: [INFO] BookmarksSnapshot Startup total=0 bar=0 other=0 mobile=0 showBar=0 showBarNTP=1
2026-08-28 09:26:00.675: [INFO] BookmarksSnapshot Shutdown total=0 bar=0 other=0 mobile=0 showBar=0 showBarNTP=1
2026-08-28 10:53:23.621: [INFO] CurrentProfilePath: C:\Users\Akhilesh\Documents\SOA\.metadata\.plugins\org.eclipse.swt\EBWebView\Default
2026-08-28 10:53:23.621: [INFO] Profiles total count: 1
2026-08-28 10:53:23.621: [INFO] Profile: name=Profile 1 path=C:\Users\Akhilesh\Documents\SOA\.metadata\.plugins\org.eclipse.swt\EBWebView\Default lastActive=2026-08-28T06:09:51.536Z
2026-08-28 10:53:23.621: [INFO] LastUsedProfileDir: C:\Users\Akhilesh\Documents\SOA\.metadata\.plugins\org.eclipse.swt\EBWebView\Default
2026-08-28 10:53:23.622: [INFO] MostRecentlyActiveProfile: name=Profile 1 path=C:\Users\Akhilesh\Documents\SOA\.metadata\.plugins\org.eclipse.swt\EBWebView\Default lastActive=2026-08-28T06:09:51.536Z
2026-08-28 10:53:23.622: [INFO] OnDoneLoading sync enabled: 0
2026-08-28 10:53:23.622: [INFO] BookmarkModelLoaded, ids_reassigned: 0
2026-08-28 10:53:23.622: [INFO] BookmarksLoadDropped droppedNodes=0
2026-08-28 10:53:23.622: [INFO] BookmarksSnapshot Startup total=0 bar=0 other=0 mobile=0 showBar=0 showBarNTP=1
2026-08-28 15:45:45.776: [INFO] BookmarksSnapshot Shutdown total=0 bar=0 other=0 mobile=0 showBar=0 showBarNTP=1
2026-09-22 15:58:50.064: [INFO] CurrentProfilePath: C:\Users\Akhilesh\Documents\SOA\.metadata\.plugins\org.eclipse.swt\EBWebView\Default
2026-09-22 15:58:50.064: [INFO] Profiles total count: 1
2026-09-22 15:58:50.064: [INFO] Profile: name=Profile 1 path=C:\Users\Akhilesh\Documents\SOA\.metadata\.plugins\org.eclipse.swt\EBWebView\Default lastActive=2026-08-28T06:09:51.536Z
2026-09-22 15:58:50.064: [INFO] LastUsedProfileDir: C:\Users\Akhilesh\Documents\SOA\.metadata\.plugins\org.eclipse.swt\EBWebView\Default
2026-09-22 15:58:50.064: [INFO] MostRecentlyActiveProfile: name=Profile 1 path=C:\Users\Akhilesh\Documents\SOA\.metadata\.plugins\org.eclipse.swt\EBWebView\Default lastActive=2026-08-28T06:09:51.536Z
2026-09-22 15:58:50.064: [INFO] OnDoneLoading sync enabled: 0
2026-09-22 15:58:50.064: [INFO] BookmarkModelLoaded, ids_reassigned: 0
2026-09-22 15:58:50.064: [INFO] BookmarksLoadDropped droppedNodes=0
2026-09-22 15:58:50.064: [INFO] BookmarksSnapshot Startup total=0 bar=0 other=0 mobile=0 showBar=0 showBarNTP=1
2026-09-23 03:59:50.751: [INFO] BookmarksSnapshot Shutdown total=0 bar=0 other=0 mobile=0 showBar=0 showBarNTP=1
